test_bridge_requires_local_obligations (tests.test_model.ModelTests.test_bridge_requires_local_obligations) ... ok
test_checker_rejects_frontier_omission (tests.test_model.ModelTests.test_checker_rejects_frontier_omission) ... ok
test_direction_cycle_is_blocking_and_minimum (tests.test_model.ModelTests.test_direction_cycle_is_blocking_and_minimum) ... ok
test_repaired_manifest_has_complete_frontier_path (tests.test_model.ModelTests.test_repaired_manifest_has_complete_frontier_path) ... ok
test_admission_requires_a_boolean (tests.test_repair_model.CertificateDomainTests.test_admission_requires_a_boolean) ... ok
test_empty_manifest_is_admitted (tests.test_repair_model.CertificateDomainTests.test_empty_manifest_is_admitted) ... ok
test_schedule_digits_are_valid_before_encoding (tests.test_repair_model.CertificateDomainTests.test_schedule_digits_are_valid_before_encoding) ... ok
test_witness_must_be_unique_and_false_in_manifest (tests.test_repair_model.CertificateDomainTests.test_witness_must_be_unique_and_false_in_manifest) ... ok
test_bridge_defect_can_be_in_past_but_not_crossed (tests.test_repair_model.CompactBoundaryTests.test_bridge_defect_can_be_in_past_but_not_crossed) ... ok
test_checker_rejects_nonminimum_cycle_and_false_cardinality (tests.test_repair_model.CompactBoundaryTests.test_checker_rejects_nonminimum_cycle_and_false_cardinality) ... ok
test_configuration_domain_is_exact (tests.test_repair_model.CompactBoundaryTests.test_configuration_domain_is_exact) ... ok
test_invalid_target_has_boolean_blocked_decision (tests.test_repair_model.CompactBoundaryTests.test_invalid_target_has_boolean_blocked_decision) ... ok
test_self_direction_guards_are_vacuous (tests.test_repair_model.CompactBoundaryTests.test_self_direction_guards_are_vacuous) ... ok
test_deep_bridge_layer_dag (tests.test_compact_depth.CompactDepthTests.test_deep_bridge_layer_dag) ... ok
test_deep_bridge_layer_ring (tests.test_compact_depth.CompactDepthTests.test_deep_bridge_layer_ring) ... ok
test_deep_dag_with_disabled_bridge (tests.test_compact_depth.CompactDepthTests.test_deep_dag_with_disabled_bridge) ... ok
test_deep_new_layer_dag (tests.test_compact_depth.CompactDepthTests.test_deep_new_layer_dag) ... ok
test_deep_new_layer_ring (tests.test_compact_depth.CompactDepthTests.test_deep_new_layer_ring) ... ok
test_deep_ring_with_smaller_local_blocker (tests.test_compact_depth.CompactDepthTests.test_deep_ring_with_smaller_local_blocker) ... ok

----------------------------------------------------------------------
Ran 19 tests in 5.764s

OK
